---
source: asm-lex/tests/gas_snapshot.rs
expression: snap_items
input_file: asm-lex/tests/fixtures/gas/x86_64_linux_elf/g++_15_2_hello_world.s
---
[
    Item {
        span: 1..17 ".file\t\"main.cpp\"",
        kind: Directive {
            name: 1..6 ".file",
            args: Some(
                7..17 "\"main.cpp\"",
            ),
        },
        starts_line: true,
    },
    Item {
        span: 19..24 ".text",
        kind: Directive {
            name: 19..24 ".text",
            args: None,
        },
        starts_line: true,
    },
    Item {
        span: 25..29 "#APP",
        kind: Comment,
        starts_line: true,
    },
    Item {
        span: 31..66 ".globl _ZSt21ios_base_library_initv",
        kind: Directive {
            name: 31..37 ".globl",
            args: Some(
                38..66 "_ZSt21ios_base_library_initv",
            ),
        },
        starts_line: true,
    },
    Item {
        span: 68..109 ".section\t.rodata.str1.1,\"aMS\",@progbits,1",
        kind: Directive {
            name: 68..76 ".section",
            args: Some(
                77..109 ".rodata.str1.1,\"aMS\",@progbits,1",
            ),
        },
        starts_line: true,
    },
    Item {
        span: 110..115 ".LC0:",
        kind: Label {
            name: 110..114 ".LC0",
        },
        starts_line: true,
    },
    Item {
        span: 117..141 ".string\t\"Hello world!\\n\"",
        kind: Directive {
            name: 117..124 ".string",
            args: Some(
                125..141 "\"Hello world!\\n\"",
            ),
        },
        starts_line: true,
    },
    Item {
        span: 142..149 "#NO_APP",
        kind: Comment,
        starts_line: true,
    },
    Item {
        span: 151..188 ".section\t.text.startup,\"ax\",@progbits",
        kind: Directive {
            name: 151..159 ".section",
            args: Some(
                160..188 ".text.startup,\"ax\",@progbits",
            ),
        },
        starts_line: true,
    },
    Item {
        span: 190..200 ".p2align 4",
        kind: Directive {
            name: 190..198 ".p2align",
            args: Some(
                199..200 "4",
            ),
        },
        starts_line: true,
    },
    Item {
        span: 202..213 ".globl\tmain",
        kind: Directive {
            name: 202..208 ".globl",
            args: Some(
                209..213 "main",
            ),
        },
        starts_line: true,
    },
    Item {
        span: 215..236 ".type\tmain, @function",
        kind: Directive {
            name: 215..220 ".type",
            args: Some(
                221..236 "main, @function",
            ),
        },
        starts_line: true,
    },
    Item {
        span: 237..242 "main:",
        kind: Label {
            name: 237..241 "main",
        },
        starts_line: true,
    },
    Item {
        span: 243..252 ".LFB2055:",
        kind: Label {
            name: 243..251 ".LFB2055",
        },
        starts_line: true,
    },
    Item {
        span: 254..268 ".cfi_startproc",
        kind: Directive {
            name: 254..268 ".cfi_startproc",
            args: None,
        },
        starts_line: true,
    },
    Item {
        span: 270..280 "pushq\t%rbp",
        kind: Instruction {
            mnemonic: 270..275 "pushq",
            args: Some(
                276..280 "%rbp",
            ),
        },
        starts_line: true,
    },
    Item {
        span: 282..304 ".cfi_def_cfa_offset 16",
        kind: Directive {
            name: 282..301 ".cfi_def_cfa_offset",
            args: Some(
                302..304 "16",
            ),
        },
        starts_line: true,
    },
    Item {
        span: 306..324 ".cfi_offset 6, -16",
        kind: Directive {
            name: 306..317 ".cfi_offset",
            args: Some(
                318..324 "6, -16",
            ),
        },
        starts_line: true,
    },
    Item {
        span: 326..361 "movq\t_ZSt4cout@GOTPCREL(%rip), %rdi",
        kind: Instruction {
            mnemonic: 326..330 "movq",
            args: Some(
                331..361 "_ZSt4cout@GOTPCREL(%rip), %rdi",
            ),
        },
        starts_line: true,
    },
    Item {
        span: 363..377 "movl\t$13, %edx",
        kind: Instruction {
            mnemonic: 363..367 "movl",
            args: Some(
                368..377 "$13, %edx",
            ),
        },
        starts_line: true,
    },
    Item {
        span: 379..400 "leaq\t.LC0(%rip), %rsi",
        kind: Instruction {
            mnemonic: 379..383 "leaq",
            args: Some(
                384..400 ".LC0(%rip), %rsi",
            ),
        },
        starts_line: true,
    },
    Item {
        span: 402..417 "movq\t%rsp, %rbp",
        kind: Instruction {
            mnemonic: 402..406 "movq",
            args: Some(
                407..417 "%rsp, %rbp",
            ),
        },
        starts_line: true,
    },
    Item {
        span: 419..442 ".cfi_def_cfa_register 6",
        kind: Directive {
            name: 419..440 ".cfi_def_cfa_register",
            args: Some(
                441..442 "6",
            ),
        },
        starts_line: true,
    },
    Item {
        span: 444..530 "call\t_ZSt16__ostream_insertIcSt11char_traitsIcEERSt13basic_ostreamIT_T0_ES6_PKS3_l@PLT",
        kind: Instruction {
            mnemonic: 444..448 "call",
            args: Some(
                449..530 "_ZSt16__ostream_insertIcSt11char_traitsIcEERSt13basic_ostreamIT_T0_ES6_PKS3_l@PLT",
            ),
        },
        starts_line: true,
    },
    Item {
        span: 532..547 "xorl\t%eax, %eax",
        kind: Instruction {
            mnemonic: 532..536 "xorl",
            args: Some(
                537..547 "%eax, %eax",
            ),
        },
        starts_line: true,
    },
    Item {
        span: 549..558 "popq\t%rbp",
        kind: Instruction {
            mnemonic: 549..553 "popq",
            args: Some(
                554..558 "%rbp",
            ),
        },
        starts_line: true,
    },
    Item {
        span: 560..577 ".cfi_def_cfa 7, 8",
        kind: Directive {
            name: 560..572 ".cfi_def_cfa",
            args: Some(
                573..577 "7, 8",
            ),
        },
        starts_line: true,
    },
    Item {
        span: 579..582 "ret",
        kind: Instruction {
            mnemonic: 579..582 "ret",
            args: None,
        },
        starts_line: true,
    },
    Item {
        span: 584..596 ".cfi_endproc",
        kind: Directive {
            name: 584..596 ".cfi_endproc",
            args: None,
        },
        starts_line: true,
    },
    Item {
        span: 597..606 ".LFE2055:",
        kind: Label {
            name: 597..605 ".LFE2055",
        },
        starts_line: true,
    },
    Item {
        span: 608..626 ".size\tmain, .-main",
        kind: Directive {
            name: 608..613 ".size",
            args: Some(
                614..626 "main, .-main",
            ),
        },
        starts_line: true,
    },
    Item {
        span: 628..654 ".ident\t\"GCC: (GNU) 15.2.0\"",
        kind: Directive {
            name: 628..634 ".ident",
            args: Some(
                635..654 "\"GCC: (GNU) 15.2.0\"",
            ),
        },
        starts_line: true,
    },
    Item {
        span: 656..693 ".section\t.note.GNU-stack,\"\",@progbits",
        kind: Directive {
            name: 656..664 ".section",
            args: Some(
                665..693 ".note.GNU-stack,\"\",@progbits",
            ),
        },
        starts_line: true,
    },
]
