---
source: asm-lex/tests/snapshot_gas.rs
expression: snap_items
input_file: asm-lex/tests/fixtures/gas/aarch64_linux_elf/gcc_15_2_hello_world.s
---
[
    Item {
        span: 1..14 ".arch armv8-a",
        kind: Directive {
            name: 1..6 ".arch",
            args: Some(
                7..14 "armv8-a",
            ),
        },
        starts_line: true,
    },
    Item {
        span: 16..37 ".file\t\"hello_world.c\"",
        kind: Directive {
            name: 16..21 ".file",
            args: Some(
                22..37 "\"hello_world.c\"",
            ),
        },
        starts_line: true,
    },
    Item {
        span: 39..44 ".text",
        kind: Directive {
            name: 39..44 ".text",
            args: None,
        },
        starts_line: true,
    },
    Item {
        span: 46..87 ".section\t.rodata.str1.8,\"aMS\",@progbits,1",
        kind: Directive {
            name: 46..54 ".section",
            args: Some(
                55..87 ".rodata.str1.8,\"aMS\",@progbits,1",
            ),
        },
        starts_line: true,
    },
    Item {
        span: 89..97 ".align\t3",
        kind: Directive {
            name: 89..95 ".align",
            args: Some(
                96..97 "3",
            ),
        },
        starts_line: true,
    },
    Item {
        span: 98..103 ".LC0:",
        kind: Label {
            name: 98..102 ".LC0",
        },
        starts_line: true,
    },
    Item {
        span: 105..129 ".string\t\"Hello World!\\n\"",
        kind: Directive {
            name: 105..112 ".string",
            args: Some(
                113..129 "\"Hello World!\\n\"",
            ),
        },
        starts_line: true,
    },
    Item {
        span: 131..168 ".section\t.text.startup,\"ax\",@progbits",
        kind: Directive {
            name: 131..139 ".section",
            args: Some(
                140..168 ".text.startup,\"ax\",@progbits",
            ),
        },
        starts_line: true,
    },
    Item {
        span: 170..178 ".align\t2",
        kind: Directive {
            name: 170..176 ".align",
            args: Some(
                177..178 "2",
            ),
        },
        starts_line: true,
    },
    Item {
        span: 180..194 ".p2align 5,,15",
        kind: Directive {
            name: 180..188 ".p2align",
            args: Some(
                189..194 "5,,15",
            ),
        },
        starts_line: true,
    },
    Item {
        span: 196..208 ".global\tmain",
        kind: Directive {
            name: 196..203 ".global",
            args: Some(
                204..208 "main",
            ),
        },
        starts_line: true,
    },
    Item {
        span: 210..231 ".type\tmain, %function",
        kind: Directive {
            name: 210..215 ".type",
            args: Some(
                216..231 "main, %function",
            ),
        },
        starts_line: true,
    },
    Item {
        span: 232..237 "main:",
        kind: Label {
            name: 232..236 "main",
        },
        starts_line: true,
    },
    Item {
        span: 238..245 ".LFB23:",
        kind: Label {
            name: 238..244 ".LFB23",
        },
        starts_line: true,
    },
    Item {
        span: 247..261 ".cfi_startproc",
        kind: Directive {
            name: 247..261 ".cfi_startproc",
            args: None,
        },
        starts_line: true,
    },
    Item {
        span: 263..287 "stp\tx29, x30, [sp, -16]!",
        kind: Instruction {
            mnemonic: 263..266 "stp",
            args: Some(
                267..287 "x29, x30, [sp, -16]!",
            ),
        },
        starts_line: true,
    },
    Item {
        span: 289..311 ".cfi_def_cfa_offset 16",
        kind: Directive {
            name: 289..308 ".cfi_def_cfa_offset",
            args: Some(
                309..311 "16",
            ),
        },
        starts_line: true,
    },
    Item {
        span: 313..332 ".cfi_offset 29, -16",
        kind: Directive {
            name: 313..324 ".cfi_offset",
            args: Some(
                325..332 "29, -16",
            ),
        },
        starts_line: true,
    },
    Item {
        span: 334..352 ".cfi_offset 30, -8",
        kind: Directive {
            name: 334..345 ".cfi_offset",
            args: Some(
                346..352 "30, -8",
            ),
        },
        starts_line: true,
    },
    Item {
        span: 354..367 "adrp\tx0, .LC0",
        kind: Instruction {
            mnemonic: 354..358 "adrp",
            args: Some(
                359..367 "x0, .LC0",
            ),
        },
        starts_line: true,
    },
    Item {
        span: 369..391 "add\tx0, x0, :lo12:.LC0",
        kind: Instruction {
            mnemonic: 369..372 "add",
            args: Some(
                373..391 "x0, x0, :lo12:.LC0",
            ),
        },
        starts_line: true,
    },
    Item {
        span: 393..404 "mov\tx29, sp",
        kind: Instruction {
            mnemonic: 393..396 "mov",
            args: Some(
                397..404 "x29, sp",
            ),
        },
        starts_line: true,
    },
    Item {
        span: 406..413 "bl\tputs",
        kind: Instruction {
            mnemonic: 406..408 "bl",
            args: Some(
                409..413 "puts",
            ),
        },
        starts_line: true,
    },
    Item {
        span: 415..424 "mov\tw0, 0",
        kind: Instruction {
            mnemonic: 415..418 "mov",
            args: Some(
                419..424 "w0, 0",
            ),
        },
        starts_line: true,
    },
    Item {
        span: 426..448 "ldp\tx29, x30, [sp], 16",
        kind: Instruction {
            mnemonic: 426..429 "ldp",
            args: Some(
                430..448 "x29, x30, [sp], 16",
            ),
        },
        starts_line: true,
    },
    Item {
        span: 450..465 ".cfi_restore 30",
        kind: Directive {
            name: 450..462 ".cfi_restore",
            args: Some(
                463..465 "30",
            ),
        },
        starts_line: true,
    },
    Item {
        span: 467..482 ".cfi_restore 29",
        kind: Directive {
            name: 467..479 ".cfi_restore",
            args: Some(
                480..482 "29",
            ),
        },
        starts_line: true,
    },
    Item {
        span: 484..505 ".cfi_def_cfa_offset 0",
        kind: Directive {
            name: 484..503 ".cfi_def_cfa_offset",
            args: Some(
                504..505 "0",
            ),
        },
        starts_line: true,
    },
    Item {
        span: 507..510 "ret",
        kind: Instruction {
            mnemonic: 507..510 "ret",
            args: None,
        },
        starts_line: true,
    },
    Item {
        span: 512..524 ".cfi_endproc",
        kind: Directive {
            name: 512..524 ".cfi_endproc",
            args: None,
        },
        starts_line: true,
    },
    Item {
        span: 525..532 ".LFE23:",
        kind: Label {
            name: 525..531 ".LFE23",
        },
        starts_line: true,
    },
    Item {
        span: 534..552 ".size\tmain, .-main",
        kind: Directive {
            name: 534..539 ".size",
            args: Some(
                540..552 "main, .-main",
            ),
        },
        starts_line: true,
    },
    Item {
        span: 554..580 ".ident\t\"GCC: (GNU) 15.2.0\"",
        kind: Directive {
            name: 554..560 ".ident",
            args: Some(
                561..580 "\"GCC: (GNU) 15.2.0\"",
            ),
        },
        starts_line: true,
    },
    Item {
        span: 582..619 ".section\t.note.GNU-stack,\"\",@progbits",
        kind: Directive {
            name: 582..590 ".section",
            args: Some(
                591..619 ".note.GNU-stack,\"\",@progbits",
            ),
        },
        starts_line: true,
    },
]
