---
source: asm-lex/tests/snapshot_gas.rs
expression: snap_items
input_file: asm-lex/tests/fixtures/gas/arm_linux_eabi_elf/gcc_15_2_hello_world.s
---
[
    Item {
        span: 1..14 ".arch armv7-a",
        kind: Directive {
            name: 1..6 ".arch",
            args: Some(
                7..14 "armv7-a",
            ),
        },
        starts_line: true,
    },
    Item {
        span: 16..30 ".fpu vfpv3-d16",
        kind: Directive {
            name: 16..20 ".fpu",
            args: Some(
                21..30 "vfpv3-d16",
            ),
        },
        starts_line: true,
    },
    Item {
        span: 32..53 ".eabi_attribute 28, 1",
        kind: Directive {
            name: 32..47 ".eabi_attribute",
            args: Some(
                48..53 "28, 1",
            ),
        },
        starts_line: true,
    },
    Item {
        span: 55..76 ".eabi_attribute 20, 1",
        kind: Directive {
            name: 55..70 ".eabi_attribute",
            args: Some(
                71..76 "20, 1",
            ),
        },
        starts_line: true,
    },
    Item {
        span: 78..99 ".eabi_attribute 21, 1",
        kind: Directive {
            name: 78..93 ".eabi_attribute",
            args: Some(
                94..99 "21, 1",
            ),
        },
        starts_line: true,
    },
    Item {
        span: 101..122 ".eabi_attribute 23, 3",
        kind: Directive {
            name: 101..116 ".eabi_attribute",
            args: Some(
                117..122 "23, 3",
            ),
        },
        starts_line: true,
    },
    Item {
        span: 124..145 ".eabi_attribute 24, 1",
        kind: Directive {
            name: 124..139 ".eabi_attribute",
            args: Some(
                140..145 "24, 1",
            ),
        },
        starts_line: true,
    },
    Item {
        span: 147..168 ".eabi_attribute 25, 1",
        kind: Directive {
            name: 147..162 ".eabi_attribute",
            args: Some(
                163..168 "25, 1",
            ),
        },
        starts_line: true,
    },
    Item {
        span: 170..191 ".eabi_attribute 26, 2",
        kind: Directive {
            name: 170..185 ".eabi_attribute",
            args: Some(
                186..191 "26, 2",
            ),
        },
        starts_line: true,
    },
    Item {
        span: 193..214 ".eabi_attribute 30, 2",
        kind: Directive {
            name: 193..208 ".eabi_attribute",
            args: Some(
                209..214 "30, 2",
            ),
        },
        starts_line: true,
    },
    Item {
        span: 216..237 ".eabi_attribute 34, 1",
        kind: Directive {
            name: 216..231 ".eabi_attribute",
            args: Some(
                232..237 "34, 1",
            ),
        },
        starts_line: true,
    },
    Item {
        span: 239..260 ".eabi_attribute 18, 4",
        kind: Directive {
            name: 239..254 ".eabi_attribute",
            args: Some(
                255..260 "18, 4",
            ),
        },
        starts_line: true,
    },
    Item {
        span: 262..283 ".file\t\"hello_world.c\"",
        kind: Directive {
            name: 262..267 ".file",
            args: Some(
                268..283 "\"hello_world.c\"",
            ),
        },
        starts_line: true,
    },
    Item {
        span: 285..290 ".text",
        kind: Directive {
            name: 285..290 ".text",
            args: None,
        },
        starts_line: true,
    },
    Item {
        span: 292..333 ".section\t.rodata.str1.4,\"aMS\",%progbits,1",
        kind: Directive {
            name: 292..300 ".section",
            args: Some(
                301..333 ".rodata.str1.4,\"aMS\",%progbits,1",
            ),
        },
        starts_line: true,
    },
    Item {
        span: 335..343 ".align\t2",
        kind: Directive {
            name: 335..341 ".align",
            args: Some(
                342..343 "2",
            ),
        },
        starts_line: true,
    },
    Item {
        span: 344..349 ".LC0:",
        kind: Label {
            name: 344..348 ".LC0",
        },
        starts_line: true,
    },
    Item {
        span: 351..380 ".ascii\t\"Hello World!\\012\\000\"",
        kind: Directive {
            name: 351..357 ".ascii",
            args: Some(
                358..380 "\"Hello World!\\012\\000\"",
            ),
        },
        starts_line: true,
    },
    Item {
        span: 382..419 ".section\t.text.startup,\"ax\",%progbits",
        kind: Directive {
            name: 382..390 ".section",
            args: Some(
                391..419 ".text.startup,\"ax\",%progbits",
            ),
        },
        starts_line: true,
    },
    Item {
        span: 421..429 ".align\t2",
        kind: Directive {
            name: 421..427 ".align",
            args: Some(
                428..429 "2",
            ),
        },
        starts_line: true,
    },
    Item {
        span: 431..443 ".global\tmain",
        kind: Directive {
            name: 431..438 ".global",
            args: Some(
                439..443 "main",
            ),
        },
        starts_line: true,
    },
    Item {
        span: 445..460 ".syntax unified",
        kind: Directive {
            name: 445..452 ".syntax",
            args: Some(
                453..460 "unified",
            ),
        },
        starts_line: true,
    },
    Item {
        span: 462..466 ".arm",
        kind: Directive {
            name: 462..466 ".arm",
            args: None,
        },
        starts_line: true,
    },
    Item {
        span: 468..489 ".type\tmain, %function",
        kind: Directive {
            name: 468..473 ".type",
            args: Some(
                474..489 "main, %function",
            ),
        },
        starts_line: true,
    },
    Item {
        span: 490..495 "main:",
        kind: Label {
            name: 490..494 "main",
        },
        starts_line: true,
    },
    Item {
        span: 497..531 "@ args = 0, pretend = 0, frame = 0",
        kind: Comment,
        starts_line: true,
    },
    Item {
        span: 533..576 "@ frame_needed = 1, uses_anonymous_args = 0",
        kind: Comment,
        starts_line: true,
    },
    Item {
        span: 578..591 "push\t{fp, lr}",
        kind: Instruction {
            mnemonic: 578..582 "push",
            args: Some(
                583..591 "{fp, lr}",
            ),
        },
        starts_line: true,
    },
    Item {
        span: 593..606 "mov\tip, #4096",
        kind: Instruction {
            mnemonic: 593..596 "mov",
            args: Some(
                597..606 "ip, #4096",
            ),
        },
        starts_line: true,
    },
    Item {
        span: 608..622 "sub\tip, sp, ip",
        kind: Instruction {
            mnemonic: 608..611 "sub",
            args: Some(
                612..622 "ip, sp, ip",
            ),
        },
        starts_line: true,
    },
    Item {
        span: 624..638 "add\tfp, sp, #4",
        kind: Instruction {
            mnemonic: 624..627 "add",
            args: Some(
                628..638 "fp, sp, #4",
            ),
        },
        starts_line: true,
    },
    Item {
        span: 640..659 "str\tr0, [ip, #4088]",
        kind: Instruction {
            mnemonic: 640..643 "str",
            args: Some(
                644..659 "r0, [ip, #4088]",
            ),
        },
        starts_line: true,
    },
    Item {
        span: 661..672 "ldr\tr0, .L4",
        kind: Instruction {
            mnemonic: 661..664 "ldr",
            args: Some(
                665..672 "r0, .L4",
            ),
        },
        starts_line: true,
    },
    Item {
        span: 673..680 ".LPIC0:",
        kind: Label {
            name: 673..679 ".LPIC0",
        },
        starts_line: true,
    },
    Item {
        span: 682..696 "add\tr0, pc, r0",
        kind: Instruction {
            mnemonic: 682..685 "add",
            args: Some(
                686..696 "r0, pc, r0",
            ),
        },
        starts_line: true,
    },
    Item {
        span: 698..710 "bl\tputs(PLT)",
        kind: Instruction {
            mnemonic: 698..700 "bl",
            args: Some(
                701..710 "puts(PLT)",
            ),
        },
        starts_line: true,
    },
    Item {
        span: 712..722 "mov\tr0, #0",
        kind: Instruction {
            mnemonic: 712..715 "mov",
            args: Some(
                716..722 "r0, #0",
            ),
        },
        starts_line: true,
    },
    Item {
        span: 724..736 "pop\t{fp, pc}",
        kind: Instruction {
            mnemonic: 724..727 "pop",
            args: Some(
                728..736 "{fp, pc}",
            ),
        },
        starts_line: true,
    },
    Item {
        span: 737..741 ".L5:",
        kind: Label {
            name: 737..740 ".L5",
        },
        starts_line: true,
    },
    Item {
        span: 743..751 ".align\t2",
        kind: Directive {
            name: 743..749 ".align",
            args: Some(
                750..751 "2",
            ),
        },
        starts_line: true,
    },
    Item {
        span: 752..756 ".L4:",
        kind: Label {
            name: 752..755 ".L4",
        },
        starts_line: true,
    },
    Item {
        span: 758..779 ".word\t.LC0-(.LPIC0+8)",
        kind: Directive {
            name: 758..763 ".word",
            args: Some(
                764..779 ".LC0-(.LPIC0+8)",
            ),
        },
        starts_line: true,
    },
    Item {
        span: 781..799 ".size\tmain, .-main",
        kind: Directive {
            name: 781..786 ".size",
            args: Some(
                787..799 "main, .-main",
            ),
        },
        starts_line: true,
    },
    Item {
        span: 801..827 ".ident\t\"GCC: (GNU) 15.2.0\"",
        kind: Directive {
            name: 801..807 ".ident",
            args: Some(
                808..827 "\"GCC: (GNU) 15.2.0\"",
            ),
        },
        starts_line: true,
    },
    Item {
        span: 829..866 ".section\t.note.GNU-stack,\"\",%progbits",
        kind: Directive {
            name: 829..837 ".section",
            args: Some(
                838..866 ".note.GNU-stack,\"\",%progbits",
            ),
        },
        starts_line: true,
    },
]
